// Jest Snapshot v1, https://goo.gl/fbAQLP

exports[`<TextInput /> Should render the TextInput component 1`] = `
<styled.div>
  <styled.p>
    Total Amount
  </styled.p>
  <styled.div>
    <span>
      $
    </span>
    <CurrencyInput
      allowNegative={false}
      autoFocus={false}
      data-testid="text-input-currency"
      decimalSeparator="."
      inputType="tel"
      onChange={[Function]}
      onChangeEvent={[Function]}
      precision="2"
      prefix=""
      selectAllOnFocus={false}
      suffix=""
      thousandSeparator=","
      value={25000}
    />
  </styled.div>
</styled.div>
`;
